                                                now v 16:00
Local   : Sat 24 Aug 1985 14:00        ▒▒▒██████████|██████▒▒▒▒▒▒▒      
New York: Sat 24 Aug 1985 10:00               ▒▒▒███|█████████████▒▒▒▒▒▒
Berlin  : Sat 24 Aug 1985 16:00     ▒▒▒█████████████|███▒▒▒▒▒▒          
Shanghai: Sat 24 Aug 1985 22:00 ██████████████▒▒▒▒▒▒|             ▒▒▒███
Sydney  : Sun 25 Aug 1985 00:00 ██████████▒▒▒▒▒▒▒   |         ▒▒▒▒██████
