                                now v 16:00
Local   : Sat 24 Aug 1985 14:00     |
____________OOOOOOXXXXXXXXXXXXXXXXXX|XXXXXXXXXXXOOOOOOOOOOOO____________
New York: Sat 24 Aug 1985 10:00     |
________________________OOOOOOXXXXXX|XXXXXXXXXXXXXXXXXXXXXXXOOOOOOOOOOOO
Berlin  : Sat 24 Aug 1985 16:00     |
______OOOOOOXXXXXXXXXXXXXXXXXXXXXXXX|XXXXXOOOOOOOOOOOO__________________
Shanghai: Sat 24 Aug 1985 22:00     |
XXXXXXXXXXXXXXXXXXXXXXXXOOOOOOOOOOOO|_______________________OOOOOOXXXXXX
Sydney  : Sun 25 Aug 1985 00:00     |
XXXXXXXXXXXXXXXXXXOOOOOOOOOOOO______|_________________OOOOOOXXXXXXXXXXXX
